**** Basic Steps to connect from local to git remote****
** The document also shares the log of each command execution***

mypc/Desktop
$ mkdir myproject

mypc/Desktop
$ cd myproject/

mypc/Desktop/myproject
$ git init
Initialized empty Git repository in C:/Users/mkj/Desktop/myproject/.git/

mypc/Desktop/myproject (master)
$ touch manish.txt

mypc/Desktop/myproject (master)
$ ls
manish.txt

mypc/Desktop/myproject (master)
$ git status
On branch master

No commits yet

Untracked files:
  (use "git add <file>..." to include in what will be committed)
        manish.txt

nothing added to commit but untracked files present (use "git add" to track)

mypc/Desktop/myproject (master)
$ git add manish.txt

mypc/Desktop/myproject (master)
$ git commit -m "My first commit"
[master (root-commit) 92c82c0] My first commit
 Committer: Jha <397813@cognizant.com>
Your name and email address were configured automatically based
on your username and hostname. Please check that they are accurate.
You can suppress this message by setting them explicitly. Run the
following command and follow the instructions in your editor to edit
your configuration file:

    git config --global --edit

After doing this, you may fix the identity used for this commit with:

    git commit --amend --reset-author

 1 file changed, 0 insertions(+), 0 deletions(-)
 create mode 100644 manish.txt

mypc/Desktop/myproject (master)
$ git branch
* master

mypc/Desktop/myproject (master)
$ git checkout -b my-new-branch
Switched to a new branch 'my-new-branch'

mypc/Desktop/myproject (my-new-branch)
$ git branch
  master
* my-new-branch

mypc/Desktop/myproject (my-new-branch)
$ git remote add origin
usage: git remote add [<options>] <name> <url>

    -f, --fetch           fetch the remote branches
    --tags                import all tags and associated objects when fetching
                          or do not fetch any tag at all (--no-tags)
    -t, --track <branch>  branch(es) to track
    -m, --master <branch>
                          master branch
    --mirror[=(push|fetch)]
                          set up remote as a mirror to push to or fetch from


mypc/Desktop/myproject (my-new-branch)
$ git remote add origin https://github.com/m8100213721/test_repo.git

mypc/Desktop/myproject (my-new-branch)
$ git push -u origin master

Unhandled Exception: System.ComponentModel.Win32Exception: Invalid window handle
   at MS.Win32.ManagedWndProcTracker.HookUpDefWindowProc(IntPtr hwnd)
   at MS.Win32.ManagedWndProcTracker.OnAppDomainProcessExit()
   at MS.Internal.ShutDownListener.HandleShutDown(Object sender, EventArgs e)
Enumerating objects: 3, done.
Counting objects: 100% (3/3), done.
Writing objects: 100% (3/3), 213 bytes | 213.00 KiB/s, done.
Total 3 (delta 0), reused 0 (delta 0), pack-reused 0
To https://github.com/m8100213721/test_repo.git
 * [new branch]      master -> master
Branch 'master' set up to track remote branch 'master' from 'origin'.
